Microchip MPLAB XC8 Compiler V1.41 ()

Linker command line:

-W-3 --edf=C:\Program Files (x86)\Microchip\xc8\v1.41\dat\en_msgs.txt -cs \
  -h+dist/default/production\ECE471_FP_v4.X.production.sym \
  --cmf=dist/default/production\ECE471_FP_v4.X.production.cmf -z -Q18F27K40 \
  -oC:\Users\Heather\AppData\Local\Temp\s6r4.2 \
  -Mdist/default/production/ECE471_FP_v4.X.production.map -E1 -ver=XC8 \
  -ASTACK=060h-0e7dh -pstack=STACK -ACODE=00h-01FFFFh -ACONST=00h-01FFFFh \
  -ASMALLCONST=0F00h-0FFFhx497 -AMEDIUMCONST=0F00h-0FFFFh,010F00h-01FFFFh \
  -ACOMRAM=01h-05Fh -AABS1=00h-0E7Dh -ABIGRAM=01h-0E7Dh \
  -ARAM=060h-0FFh,0100h-01FFhx13,0E00h-0E7Dh -ABANK0=060h-0FFh \
  -ABANK1=0100h-01FFh -ABANK2=0200h-02FFh -ABANK3=0300h-03FFh \
  -ABANK4=0400h-04FFh -ABANK5=0500h-05FFh -ABANK6=0600h-06FFh \
  -ABANK7=0700h-07FFh -ABANK8=0800h-08FFh -ABANK9=0900h-09FFh \
  -ABANK10=0A00h-0AFFh -ABANK11=0B00h-0BFFh -ABANK12=0C00h-0CFFh \
  -ABANK13=0D00h-0DFFh -ABANK14=0E00h-0E7Dh \
  -ASFR=0E7Eh-0EFFh,0F00h-0F5Fh,0F60h-0FFFh \
  -preset_vec=00h,intcode,intcodelo,powerup,init -pramtop=0F00h \
  -psmallconst=SMALLCONST -pmediumconst=MEDIUMCONST -pconst=CONST \
  -AFARRAM=00h-00h -ACONFIG=0300000h-030000Bh -pconfig=CONFIG \
  -AIDLOC=0200000h-020000Fh -pidloc=IDLOC -AEEDATA=0310000h-03103FFh \
  -peeprom_data=EEDATA \
  -prdata=COMRAM,nvrram=COMRAM,nvbit=COMRAM,rbss=COMRAM,rbit=COMRAM \
  -pfarbss=FARRAM,fardata=FARRAM,nvFARRAM=FARRAM \
  -pintsave_regs=BIGRAM,bigbss=BIGRAM,bigdata=BIGRAM -pbss=RAM \
  -pidata=CODE,irdata=CODE,ibigdata=CODE,ifardata=CODE -prparam=COMRAM \
  C:\Users\Heather\AppData\Local\Temp\s6r4.obj \
  dist/default/production\ECE471_FP_v4.X.production.obj \
  build/default/production/powerup.obj 

Object code version is 3.11

Machine type is 18F27K40

Call graph: (short form)




                Name                               Link     Load   Length Selector   Space Scale
C:\Users\Heather\AppData\Local\Temp\s6r4.obj
                init                                  A        A        4        0       0
                reset_vec                             0        0        4        0       0
                idloc                            200000   200000       10   200000       0
                config                           300000   300000        C   300000       0
dist/default/production\ECE471_FP_v4.X.production.obj
                smallconst                          F00      F00       64      780       0
                text11                             13C0     13C0       16      7B2       0
                text10                             1374     1374       20      7B2       0
                text9                              1264     1264       9C      7B2       0
                text8                              13AA     13AA       16      7B2       0
                text7                              13FA     13FA        4      7B2       0
                text6                              1352     1352       22      7B2       0
                text5                              1394     1394       16      7B2       0
                text4                              1300     1300       52      7B2       0
                text3                              13D6     13D6        E      7B2       0
                text2                              13F0     13F0        A      7B2       0
                text1                              1152     1152      112      7B2       0
                text0                               F64      F64      1EE      7B2       0
                cstackCOMRAM                          1        1       27        1       1
                bssCOMRAM                            28       28        3        1       1
                cinit                              13E4     13E4        C      7B2       0
build/default/production/powerup.obj
                powerup                               4        4        6        0       0

TOTAL           Name                               Link     Load   Length     Space
        CLASS   STACK          

        CLASS   CODE           
                init                                  A        A        4         0
                powerup                               4        4        6         0
                reset_vec                             0        0        4         0
                text11                             13C0     13C0       16         0
                text10                             1374     1374       20         0
                text9                              1264     1264       9C         0
                text8                              13AA     13AA       16         0
                text7                              13FA     13FA        4         0
                text6                              1352     1352       22         0
                text5                              1394     1394       16         0
                text4                              1300     1300       52         0
                text3                              13D6     13D6        E         0
                text2                              13F0     13F0        A         0
                text1                              1152     1152      112         0
                text0                               F64      F64      1EE         0
                cinit                              13E4     13E4        C         0

        CLASS   CONST          

        CLASS   SMALLCONST     
                smallconst                          F00      F00       64         0

        CLASS   MEDIUMCONST    

        CLASS   COMRAM         
                cstackCOMRAM                          1        1       27         1
                bssCOMRAM                            28       28        3         1

        CLASS   ABS1           

        CLASS   BIGRAM         

        CLASS   RAM            

        CLASS   BANK0          

        CLASS   BANK1          

        CLASS   BANK2          

        CLASS   BANK3          

        CLASS   BANK4          

        CLASS   BANK5          

        CLASS   BANK6          

        CLASS   BANK7          

        CLASS   BANK8          

        CLASS   BANK9          

        CLASS   BANK10         

        CLASS   BANK11         

        CLASS   BANK12         

        CLASS   BANK13         

        CLASS   BANK14         

        CLASS   SFR            

        CLASS   FARRAM         

        CLASS   CONFIG         
                config                           300000   300000        C         0

        CLASS   IDLOC          
                idloc                            200000   200000       10         0

        CLASS   EEDATA         



SEGMENTS        Name                           Load    Length   Top    Selector   Space  Class

                reset_vec                      000000  00000E  00000E         0       0  CODE    
                cstackCOMRAM                   000001  00002A  00002B         1       1  COMRAM  
                smallconst                     000F00  000064  000F64       780       0  SMALLCON
                text0                          000F64  00049A  0013FE       7B2       0  CODE    
                idloc                          200000  000010  200010    200000       0  IDLOC   
                config                         300000  00000C  30000C    300000       0  CONFIG  


UNUSED ADDRESS RANGES

        Name                Unused          Largest block    Delta
        BANK0            000060-0000FF               A0
        BANK1            000100-0001FF              100
        BANK10           000A00-000AFF              100
        BANK11           000B00-000BFF              100
        BANK12           000C00-000CFF              100
        BANK13           000D00-000DFF              100
        BANK14           000E00-000E7D               7E
        BANK2            000200-0002FF              100
        BANK3            000300-0003FF              100
        BANK4            000400-0004FF              100
        BANK5            000500-0005FF              100
        BANK6            000600-0006FF              100
        BANK7            000700-0007FF              100
        BANK8            000800-0008FF              100
        BANK9            000900-0009FF              100
        BIGRAM           00002B-000E7D              E53
        CODE             00000E-000EFF              EF2
                         0013FE-01FFFF            1EC02
        COMRAM           00002B-00005F               35
        CONST            00000E-000EFF              EF2
                         0013FE-01FFFF            1EC02
        EEDATA           310000-3103FF              400
        MEDIUMCONST      0013FE-00FFFF             EC02
                         010F00-01FFFF             F100
        RAM              000060-000E7D              100
        SFR              000E7E-000FFF               82
        SMALLCONST       0013FE-01FFFF              100
        STACK            000060-000E7D              E1E

                                  Symbol Table

?___lwdiv                        cstackCOMRAM 000001
?_printf                         cstackCOMRAM 000008
EUSART1_Write@txData             cstackCOMRAM 000001
PIN_MANAGER_Initialize@state     cstackCOMRAM 000001
_ANSELA                          (abs)        000F11
_ANSELB                          (abs)        000F19
_ANSELC                          (abs)        000F21
_BAUD1CON                        (abs)        000F9F
_CCPTMRSbits                     (abs)        000FAE
_EUSART1_Initialize              text11       0013C0
_EUSART1_Write                   text3        0013D6
_GIE                             (abs)        007F97
_LATA                            (abs)        000F83
_LATB                            (abs)        000F84
_LATBbits                        (abs)        000F84
_LATC                            (abs)        000F85
_ODCONA                          (abs)        000F0F
_ODCONB                          (abs)        000F17
_ODCONC                          (abs)        000F1F
_OSCCON1                         (abs)        000ED8
_OSCCON3                         (abs)        000EDA
_OSCEN                           (abs)        000EDC
_OSCFRQ                          (abs)        000EDE
_OSCILLATOR_Initialize           text10       001374
_OSCTUNE                         (abs)        000EDD
_PIN_MANAGER_Initialize          text9        001264
_PIR3bits                        (abs)        000ECD
_PIR4bits                        (abs)        000ECE
_PORTCbits                       (abs)        000F8F
_PPSLOCK                         (abs)        000EA0
_PPSLOCKbits                     (abs)        000EA0
_PR2                             (abs)        000FBC
_PWM3CON                         (abs)        000FA5
_PWM3DCH                         (abs)        000FA4
_PWM3DCL                         (abs)        000FA3
_PWM3_Initialize                 text8        0013AA
_RC0PPS                          (abs)        000EF7
_RC1REG                          (abs)        000F99
_RC1STA                          (abs)        000F9D
_RC1STAbits                      (abs)        000F9D
_RC6PPS                          (abs)        000EFD
_SP1BRGH                         (abs)        000F9C
_SP1BRGL                         (abs)        000F9B
_SYSTEM_Initialize               text5        001394
_T2CLKCON                        (abs)        000FBF
_T2CON                           (abs)        000FBD
_T2CONbits                       (abs)        000FBD
_T2HLT                           (abs)        000FBE
_T2HLTbits                       (abs)        000FBE
_T2INPPSbits                     (abs)        000EAB
_T2PR                            (abs)        000FBC
_T2RST                           (abs)        000FC0
_T2RSTbits                       (abs)        000FC0
_T2TMR                           (abs)        000FBB
_TMR2                            (abs)        000FBB
_TMR2_Initialize                 text6        001352
_TMR2_InterruptHandler           bssCOMRAM    000028
_TMR2_Start                      text7        0013FA
_TRISA                           (abs)        000F88
_TRISB                           (abs)        000F89
_TRISC                           (abs)        000F8A
_TRISCbits                       (abs)        000F8A
_TX1REG                          (abs)        000F9A
_TX1STA                          (abs)        000F9E
_WPUA                            (abs)        000F10
_WPUB                            (abs)        000F18
_WPUC                            (abs)        000F20
_WPUE                            (abs)        000F2D
__CFG_BOREN$SBORDIS              (abs)        000000
__CFG_BORV$VBOR_2P45             (abs)        000000
__CFG_CLKOUTEN$OFF               (abs)        000000
__CFG_CP$OFF                     (abs)        000000
__CFG_CPD$OFF                    (abs)        000000
__CFG_CSWEN$ON                   (abs)        000000
__CFG_DEBUG$OFF                  (abs)        000000
__CFG_EBTR0$OFF                  (abs)        000000
__CFG_EBTR1$OFF                  (abs)        000000
__CFG_EBTR2$OFF                  (abs)        000000
__CFG_EBTR3$OFF                  (abs)        000000
__CFG_EBTR4$OFF                  (abs)        000000
__CFG_EBTR5$OFF                  (abs)        000000
__CFG_EBTR6$OFF                  (abs)        000000
__CFG_EBTR7$OFF                  (abs)        000000
__CFG_EBTRB$OFF                  (abs)        000000
__CFG_FCMEN$ON                   (abs)        000000
__CFG_FEXTOSC$OFF                (abs)        000000
__CFG_LPBOREN$OFF                (abs)        000000
__CFG_LVP$ON                     (abs)        000000
__CFG_MCLRE$EXTMCLR              (abs)        000000
__CFG_PPS1WAY$ON                 (abs)        000000
__CFG_PWRTE$OFF                  (abs)        000000
__CFG_RSTOSC$HFINTOSC_1MHZ       (abs)        000000
__CFG_SCANE$ON                   (abs)        000000
__CFG_STVREN$ON                  (abs)        000000
__CFG_WDTCCS$SC                  (abs)        000000
__CFG_WDTCPS$WDTCPS_31           (abs)        000000
__CFG_WDTCWS$WDTCWS_7            (abs)        000000
__CFG_WDTE$OFF                   (abs)        000000
__CFG_WRT0$OFF                   (abs)        000000
__CFG_WRT1$OFF                   (abs)        000000
__CFG_WRT2$OFF                   (abs)        000000
__CFG_WRT3$OFF                   (abs)        000000
__CFG_WRT4$OFF                   (abs)        000000
__CFG_WRT5$OFF                   (abs)        000000
__CFG_WRT6$OFF                   (abs)        000000
__CFG_WRT7$OFF                   (abs)        000000
__CFG_WRTB$OFF                   (abs)        000000
__CFG_WRTC$OFF                   (abs)        000000
__CFG_WRTD$OFF                   (abs)        000000
__CFG_XINST$OFF                  (abs)        000000
__CFG_ZCD$OFF                    (abs)        000000
__HRAM                           (abs)        000000
__Habs1                          abs1         000000
__Hbank0                         bank0        000000
__Hbank1                         bank1        000000
__Hbank10                        bank10       000000
__Hbank11                        bank11       000000
__Hbank12                        bank12       000000
__Hbank13                        bank13       000000
__Hbank14                        bank14       000000
__Hbank2                         bank2        000000
__Hbank3                         bank3        000000
__Hbank4                         bank4        000000
__Hbank5                         bank5        000000
__Hbank6                         bank6        000000
__Hbank7                         bank7        000000
__Hbank8                         bank8        000000
__Hbank9                         bank9        000000
__Hbigbss                        bigbss       000000
__Hbigdata                       bigdata      000000
__Hbigram                        bigram       000000
__Hbss                           bss          000000
__HbssCOMRAM                     bssCOMRAM    000000
__Hcinit                         cinit        000000
__Hclrtext                       clrtext      000000
__Hcomram                        comram       000000
__Hconfig                        config       30000C
__Hconst                         const        000000
__HcstackCOMRAM                  cstackCOMRAM 000000
__Hdata                          data         000000
__Heeprom_data                   eeprom_data  000000
__Hfarbss                        farbss       000000
__Hfardata                       fardata      000000
__Hibigdata                      ibigdata     000000
__Hidata                         idata        000000
__Hidloc                         idloc        200010
__Hifardata                      ifardata     000000
__Hinit                          init         00000E
__Hintcode                       intcode      000004
__Hintcode_body                  intcode_body 000000
__Hintcodelo                     intcodelo    000004
__Hintentry                      intentry     000000
__Hintret                        intret       000000
__Hintsave_regs                  intsave_regs 000000
__Hirdata                        irdata       000000
__Hmediumconst                   mediumconst  000000
__HnvFARRAM                      nvFARRAM     000000
__Hnvbit                         nvbit        000000
__Hnvrram                        nvrram       000000
__Hparam                         rparam       000000
__Hpowerup                       powerup      00000A
__Hram                           ram          000000
__Hramtop                        ramtop       000F00
__Hrbit                          rbit         000000
__Hrbss                          rbss         000000
__Hrdata                         rdata        000000
__Hreset_vec                     reset_vec    000004
__Hrparam                        rparam       000000
__Hsfr                           sfr          000000
__Hsmallconst                    smallconst   000F64
__Hspace_0                       (abs)        30000C
__Hspace_1                       (abs)        00002B
__Hspace_2                       (abs)        000000
__Hstack                         stack        000000
__Hstruct                        struct       000000
__Htemp                          temp         000000
__Htext                          text         000000
__Htext0                         text0        000000
__Htext1                         text1        000000
__Htext10                        text10       000000
__Htext11                        text11       000000
__Htext2                         text2        000000
__Htext3                         text3        000000
__Htext4                         text4        000000
__Htext5                         text5        000000
__Htext6                         text6        000000
__Htext7                         text7        000000
__Htext8                         text8        000000
__Htext9                         text9        000000
__LRAM                           (abs)        000001
__Labs1                          abs1         000000
__Lbank0                         bank0        000000
__Lbank1                         bank1        000000
__Lbank10                        bank10       000000
__Lbank11                        bank11       000000
__Lbank12                        bank12       000000
__Lbank13                        bank13       000000
__Lbank14                        bank14       000000
__Lbank2                         bank2        000000
__Lbank3                         bank3        000000
__Lbank4                         bank4        000000
__Lbank5                         bank5        000000
__Lbank6                         bank6        000000
__Lbank7                         bank7        000000
__Lbank8                         bank8        000000
__Lbank9                         bank9        000000
__Lbigbss                        bigbss       000000
__Lbigdata                       bigdata      000000
__Lbigram                        bigram       000000
__Lbss                           bss          000000
__LbssCOMRAM                     bssCOMRAM    000000
__Lcinit                         cinit        000000
__Lclrtext                       clrtext      000000
__Lcomram                        comram       000000
__Lconfig                        config       300000
__Lconst                         const        000000
__LcstackCOMRAM                  cstackCOMRAM 000000
__Ldata                          data         000000
__Leeprom_data                   eeprom_data  000000
__Lfarbss                        farbss       000000
__Lfardata                       fardata      000000
__Libigdata                      ibigdata     000000
__Lidata                         idata        000000
__Lidloc                         idloc        200000
__Lifardata                      ifardata     000000
__Linit                          init         00000A
__Lintcode                       intcode      000004
__Lintcode_body                  intcode_body 000000
__Lintcodelo                     intcodelo    000004
__Lintentry                      intentry     000000
__Lintret                        intret       000000
__Lintsave_regs                  intsave_regs 000000
__Lirdata                        irdata       000000
__Lmediumconst                   mediumconst  000000
__LnvFARRAM                      nvFARRAM     000000
__Lnvbit                         nvbit        000000
__Lnvrram                        nvrram       000000
__Lparam                         rparam       000000
__Lpowerup                       powerup      000004
__Lram                           ram          000000
__Lramtop                        ramtop       000F00
__Lrbit                          rbit         000000
__Lrbss                          rbss         000000
__Lrdata                         rdata        000000
__Lreset_vec                     reset_vec    000000
__Lrparam                        rparam       000000
__Lsfr                           sfr          000000
__Lsmallconst                    smallconst   000F00
__Lspace_0                       (abs)        000000
__Lspace_1                       (abs)        000000
__Lspace_2                       (abs)        000000
__Lstack                         stack        000000
__Lstruct                        struct       000000
__Ltemp                          temp         000000
__Ltext                          text         000000
__Ltext0                         text0        000000
__Ltext1                         text1        000000
__Ltext10                        text10       000000
__Ltext11                        text11       000000
__Ltext2                         text2        000000
__Ltext3                         text3        000000
__Ltext4                         text4        000000
__Ltext5                         text5        000000
__Ltext6                         text6        000000
__Ltext7                         text7        000000
__Ltext8                         text8        000000
__Ltext9                         text9        000000
__S0                             (abs)        30000C
__S1                             (abs)        00002B
__S2                             (abs)        000000
___inthi_sp                      stack        000000
___intlo_sp                      stack        000000
___lwdiv                         text4        001300
___lwdiv@counter                 cstackCOMRAM 000007
___lwdiv@dividend                cstackCOMRAM 000001
___lwdiv@divisor                 cstackCOMRAM 000003
___lwdiv@quotient                cstackCOMRAM 000005
___param_bank                    (abs)        000000
___rparam_used                   (abs)        000001
___sp                            stack        000000
__accesstop                      (abs)        000060
__activetblptr                   (abs)        000003
__end_of_EUSART1_Initialize      text11       0013D6
__end_of_EUSART1_Write           text3        0013E4
__end_of_OSCILLATOR_Initialize   text10       001394
__end_of_PIN_MANAGER_Initialize  text9        001300
__end_of_PWM3_Initialize         text8        0013C0
__end_of_SYSTEM_Initialize       text5        0013AA
__end_of_TMR2_Initialize         text6        001374
__end_of_TMR2_Start              text7        0013FE
__end_of___lwdiv                 text4        001352
__end_of__initialization         cinit        0013EA
__end_of_hexpowers               smallconst   000F09
__end_of_main                    text0        001152
__end_of_printf                  text1        001264
__end_of_putch                   text2        0013FA
__initialization                 cinit        0013E4
__mediumconst                    mediumconst  000000
__pbssCOMRAM                     bssCOMRAM    000028
__pcinit                         cinit        0013E4
__pcstackCOMRAM                  cstackCOMRAM 000001
__psmallconst                    smallconst   000F00
__ptext0                         text0        000F64
__ptext1                         text1        001152
__ptext10                        text10       001374
__ptext11                        text11       0013C0
__ptext2                         text2        0013F0
__ptext3                         text3        0013D6
__ptext4                         text4        001300
__ptext5                         text5        001394
__ptext6                         text6        001352
__ptext7                         text7        0013FA
__ptext8                         text8        0013AA
__ptext9                         text9        001264
__ramtop                         ramtop       000F00
__size_of_EUSART1_Initialize     (abs)        000000
__size_of_EUSART1_Write          (abs)        000000
__size_of_OSCILLATOR_Initialize  (abs)        000000
__size_of_PIN_MANAGER_Initialize (abs)        000000
__size_of_PWM3_Initialize        (abs)        000000
__size_of_SYSTEM_Initialize      (abs)        000000
__size_of_TMR2_Initialize        (abs)        000000
__size_of_TMR2_Start             (abs)        000000
__size_of___lwdiv                (abs)        000000
__size_of_main                   (abs)        000000
__size_of_printf                 (abs)        000000
__size_of_putch                  (abs)        000000
__smallconst                     smallconst   000F00
_hexpowers                       smallconst   000F01
_main                            text0        000F64
_printf                          text1        001152
_putch                           text2        0013F0
end_of_initialization            cinit        0013EA
intlevel0                        text         000000
intlevel1                        text         000000
intlevel2                        text         000000
intlevel3                        text         000000
main@address                     cstackCOMRAM 00001D
main@clear_cmd                   cstackCOMRAM 000020
main@cntr                        cstackCOMRAM 000021
main@command                     cstackCOMRAM 00001F
main@count                       cstackCOMRAM 000023
main@i                           cstackCOMRAM 000022
main@ir_code                     cstackCOMRAM 000024
powerup                          powerup      000004
printf@ap                        cstackCOMRAM 00000F
printf@c                         cstackCOMRAM 000015
printf@f                         cstackCOMRAM 000008
printf@flag                      cstackCOMRAM 00000E
printf@idx                       cstackCOMRAM 000011
printf@prec                      cstackCOMRAM 000014
printf@val                       cstackCOMRAM 000012
putch@txData                     cstackCOMRAM 000002
stackhi                          (abs)        000E7D
stacklo                          (abs)        000060
start                            init         00000A
start_initialization             cinit        0013E4


FUNCTION INFORMATION:

 *************** function _main *****************
 Defined at:
		line 16 in file "main.c"
 Parameters:    Size  Location     Type
		None
 Auto vars:     Size  Location     Type
  ir_code         4   35[COMRAM] volatile unsigned long 
  address         2   28[COMRAM] unsigned int 
  count           1   34[COMRAM] unsigned char 
  i               1   33[COMRAM] unsigned char 
  cntr            1   32[COMRAM] unsigned char 
  clear_cmd       1   31[COMRAM] unsigned char 
  command         1   30[COMRAM] unsigned char 
  inv_command     1    0        unsigned char 
 Return value:  Size  Location     Type
                  1    wreg      void 
 Registers used:
		wreg, fsr2l, fsr2h, status,2, status,0, tblptrl, tblptrh, tblptru, prodl, prodh, cstack
 Tracked objects:
		On entry : 
		On exit  : 
		Unchanged: 
 Data sizes:     COMRAM   BANK0   BANK1   BANK2   BANK3   BANK4   BANK5   BANK6   BANK7   BANK8   BANK9  BANK10  BANK11  BANK12  BANK13  BANK14
      Params:         0       0       0       0       0       0       0       0       0       0       0       0       0       0       0       0
      Locals:        11       0       0       0       0       0       0       0       0       0       0       0       0       0       0       0
      Temps:          7       0       0       0       0       0       0       0       0       0       0       0       0       0       0       0
      Totals:        18       0       0       0       0       0       0       0       0       0       0       0       0       0       0       0
Total ram usage:       18 bytes
 Hardware stack levels required when called:    3
 This function calls:
		_EUSART1_Write
		_SYSTEM_Initialize
		_printf
 This function is called by:
		Startup code after reset
 This function uses a non-reentrant model


 *************** function _printf *****************
 Defined at:
		line 464 in file "C:\Program Files (x86)\Microchip\xc8\v1.41\sources\common\doprnt.c"
 Parameters:    Size  Location     Type
  f               2    7[COMRAM] PTR const unsigned char 
		 -> STR_6(6), STR_5(3), STR_4(12), STR_3(17), 
		 -> STR_2(17), STR_1(17), 
 Auto vars:     Size  Location     Type
  idx             1   16[COMRAM] unsigned char 
  tmpval          4    0        struct .
  cp              3    0        PTR const unsigned char 
  val             2   17[COMRAM] unsigned int 
  ap              2   14[COMRAM] PTR void [1]
		 -> ?_printf(2), 
  len             2    0        unsigned int 
  c               1   20[COMRAM] char 
  prec            1   19[COMRAM] char 
  flag            1   13[COMRAM] unsigned char 
 Return value:  Size  Location     Type
                  2    7[COMRAM] int 
 Registers used:
		wreg, fsr2l, fsr2h, status,2, status,0, tblptrl, tblptrh, tblptru, prodl, prodh, cstack
 Tracked objects:
		On entry : 
		On exit  : 
		Unchanged: 
 Data sizes:     COMRAM   BANK0   BANK1   BANK2   BANK3   BANK4   BANK5   BANK6   BANK7   BANK8   BANK9  BANK10  BANK11  BANK12  BANK13  BANK14
      Params:         6       0       0       0       0       0       0       0       0       0       0       0       0       0       0       0
      Locals:         8       0       0       0       0       0       0       0       0       0       0       0       0       0       0       0
      Temps:          0       0       0       0       0       0       0       0       0       0       0       0       0       0       0       0
      Totals:        14       0       0       0       0       0       0       0       0       0       0       0       0       0       0       0
Total ram usage:       14 bytes
 Hardware stack levels used:    1
 Hardware stack levels required when called:    2
 This function calls:
		___lwdiv
		_putch
 This function is called by:
		_main
 This function uses a non-reentrant model


 *************** function _putch *****************
 Defined at:
		line 59 in file "eusart1.c"
 Parameters:    Size  Location     Type
  txData          1    wreg     unsigned char 
 Auto vars:     Size  Location     Type
  txData          1    1[COMRAM] unsigned char 
 Return value:  Size  Location     Type
                  1    wreg      void 
 Registers used:
		wreg, status,2, cstack
 Tracked objects:
		On entry : 
		On exit  : 
		Unchanged: 
 Data sizes:     COMRAM   BANK0   BANK1   BANK2   BANK3   BANK4   BANK5   BANK6   BANK7   BANK8   BANK9  BANK10  BANK11  BANK12  BANK13  BANK14
      Params:         0       0       0       0       0       0       0       0       0       0       0       0       0       0       0       0
      Locals:         1       0       0       0       0       0       0       0       0       0       0       0       0       0       0       0
      Temps:          0       0       0       0       0       0       0       0       0       0       0       0       0       0       0       0
      Totals:         1       0       0       0       0       0       0       0       0       0       0       0       0       0       0       0
Total ram usage:        1 bytes
 Hardware stack levels used:    1
 Hardware stack levels required when called:    1
 This function calls:
		_EUSART1_Write
 This function is called by:
		_printf
 This function uses a non-reentrant model


 *************** function _EUSART1_Write *****************
 Defined at:
		line 45 in file "eusart1.c"
 Parameters:    Size  Location     Type
  txData          1    wreg     unsigned char 
 Auto vars:     Size  Location     Type
  txData          1    0[COMRAM] unsigned char 
 Return value:  Size  Location     Type
                  1    wreg      void 
 Registers used:
		wreg
 Tracked objects:
		On entry : 
		On exit  : 
		Unchanged: 
 Data sizes:     COMRAM   BANK0   BANK1   BANK2   BANK3   BANK4   BANK5   BANK6   BANK7   BANK8   BANK9  BANK10  BANK11  BANK12  BANK13  BANK14
      Params:         0       0       0       0       0       0       0       0       0       0       0       0       0       0       0       0
      Locals:         1       0       0       0       0       0       0       0       0       0       0       0       0       0       0       0
      Temps:          0       0       0       0       0       0       0       0       0       0       0       0       0       0       0       0
      Totals:         1       0       0       0       0       0       0       0       0       0       0       0       0       0       0       0
Total ram usage:        1 bytes
 Hardware stack levels used:    1
 This function calls:
		Nothing
 This function is called by:
		_main
		_putch
 This function uses a non-reentrant model


 *************** function ___lwdiv *****************
 Defined at:
		line 8 in file "C:\Program Files (x86)\Microchip\xc8\v1.41\sources\common\lwdiv.c"
 Parameters:    Size  Location     Type
  dividend        2    0[COMRAM] unsigned int 
  divisor         2    2[COMRAM] unsigned int 
 Auto vars:     Size  Location     Type
  quotient        2    4[COMRAM] unsigned int 
  counter         1    6[COMRAM] unsigned char 
 Return value:  Size  Location     Type
                  2    0[COMRAM] unsigned int 
 Registers used:
		wreg, status,2, status,0
 Tracked objects:
		On entry : 
		On exit  : 
		Unchanged: 
 Data sizes:     COMRAM   BANK0   BANK1   BANK2   BANK3   BANK4   BANK5   BANK6   BANK7   BANK8   BANK9  BANK10  BANK11  BANK12  BANK13  BANK14
      Params:         4       0       0       0       0       0       0       0       0       0       0       0       0       0       0       0
      Locals:         3       0       0       0       0       0       0       0       0       0       0       0       0       0       0       0
      Temps:          0       0       0       0       0       0       0       0       0       0       0       0       0       0       0       0
      Totals:         7       0       0       0       0       0       0       0       0       0       0       0       0       0       0       0
Total ram usage:        7 bytes
 Hardware stack levels used:    1
 This function calls:
		Nothing
 This function is called by:
		_printf
 This function uses a non-reentrant model


 *************** function _SYSTEM_Initialize *****************
 Defined at:
		line 132 in file "init.c"
 Parameters:    Size  Location     Type
		None
 Auto vars:     Size  Location     Type
		None
 Return value:  Size  Location     Type
                  1    wreg      void 
 Registers used:
		wreg, status,2, cstack
 Tracked objects:
		On entry : 
		On exit  : 
		Unchanged: 
 Data sizes:     COMRAM   BANK0   BANK1   BANK2   BANK3   BANK4   BANK5   BANK6   BANK7   BANK8   BANK9  BANK10  BANK11  BANK12  BANK13  BANK14
      Params:         0       0       0       0       0       0       0       0       0       0       0       0       0       0       0       0
      Locals:         0       0       0       0       0       0       0       0       0       0       0       0       0       0       0       0
      Temps:          0       0       0       0       0       0       0       0       0       0       0       0       0       0       0       0
      Totals:         0       0       0       0       0       0       0       0       0       0       0       0       0       0       0       0
Total ram usage:        0 bytes
 Hardware stack levels used:    1
 Hardware stack levels required when called:    2
 This function calls:
		_EUSART1_Initialize
		_OSCILLATOR_Initialize
		_PIN_MANAGER_Initialize
		_PWM3_Initialize
		_TMR2_Initialize
 This function is called by:
		_main
 This function uses a non-reentrant model


 *************** function _TMR2_Initialize *****************
 Defined at:
		line 8 in file "tmr2.c"
 Parameters:    Size  Location     Type
		None
 Auto vars:     Size  Location     Type
		None
 Return value:  Size  Location     Type
                  1    wreg      void 
 Registers used:
		wreg, status,2, cstack
 Tracked objects:
		On entry : 
		On exit  : 
		Unchanged: 
 Data sizes:     COMRAM   BANK0   BANK1   BANK2   BANK3   BANK4   BANK5   BANK6   BANK7   BANK8   BANK9  BANK10  BANK11  BANK12  BANK13  BANK14
      Params:         0       0       0       0       0       0       0       0       0       0       0       0       0       0       0       0
      Locals:         0       0       0       0       0       0       0       0       0       0       0       0       0       0       0       0
      Temps:          0       0       0       0       0       0       0       0       0       0       0       0       0       0       0       0
      Totals:         0       0       0       0       0       0       0       0       0       0       0       0       0       0       0       0
Total ram usage:        0 bytes
 Hardware stack levels used:    1
 Hardware stack levels required when called:    1
 This function calls:
		_TMR2_Start
 This function is called by:
		_SYSTEM_Initialize
 This function uses a non-reentrant model


 *************** function _TMR2_Start *****************
 Defined at:
		line 47 in file "tmr2.c"
 Parameters:    Size  Location     Type
		None
 Auto vars:     Size  Location     Type
		None
 Return value:  Size  Location     Type
                  1    wreg      void 
 Registers used:
		None
 Tracked objects:
		On entry : 
		On exit  : 
		Unchanged: 
 Data sizes:     COMRAM   BANK0   BANK1   BANK2   BANK3   BANK4   BANK5   BANK6   BANK7   BANK8   BANK9  BANK10  BANK11  BANK12  BANK13  BANK14
      Params:         0       0       0       0       0       0       0       0       0       0       0       0       0       0       0       0
      Locals:         0       0       0       0       0       0       0       0       0       0       0       0       0       0       0       0
      Temps:          0       0       0       0       0       0       0       0       0       0       0       0       0       0       0       0
      Totals:         0       0       0       0       0       0       0       0       0       0       0       0       0       0       0       0
Total ram usage:        0 bytes
 Hardware stack levels used:    1
 This function calls:
		Nothing
 This function is called by:
		_TMR2_Initialize
		_TMR2_StartTimer
 This function uses a non-reentrant model


 *************** function _PWM3_Initialize *****************
 Defined at:
		line 6 in file "pwm3.c"
 Parameters:    Size  Location     Type
		None
 Auto vars:     Size  Location     Type
		None
 Return value:  Size  Location     Type
                  1    wreg      void 
 Registers used:
		wreg, status,2
 Tracked objects:
		On entry : 
		On exit  : 
		Unchanged: 
 Data sizes:     COMRAM   BANK0   BANK1   BANK2   BANK3   BANK4   BANK5   BANK6   BANK7   BANK8   BANK9  BANK10  BANK11  BANK12  BANK13  BANK14
      Params:         0       0       0       0       0       0       0       0       0       0       0       0       0       0       0       0
      Locals:         0       0       0       0       0       0       0       0       0       0       0       0       0       0       0       0
      Temps:          0       0       0       0       0       0       0       0       0       0       0       0       0       0       0       0
      Totals:         0       0       0       0       0       0       0       0       0       0       0       0       0       0       0       0
Total ram usage:        0 bytes
 Hardware stack levels used:    1
 This function calls:
		Nothing
 This function is called by:
		_SYSTEM_Initialize
 This function uses a non-reentrant model


 *************** function _PIN_MANAGER_Initialize *****************
 Defined at:
		line 72 in file "init.c"
 Parameters:    Size  Location     Type
		None
 Auto vars:     Size  Location     Type
  state           1    0[COMRAM] unsigned char 
 Return value:  Size  Location     Type
                  1    wreg      void 
 Registers used:
		wreg, status,2
 Tracked objects:
		On entry : 
		On exit  : 
		Unchanged: 
 Data sizes:     COMRAM   BANK0   BANK1   BANK2   BANK3   BANK4   BANK5   BANK6   BANK7   BANK8   BANK9  BANK10  BANK11  BANK12  BANK13  BANK14
      Params:         0       0       0       0       0       0       0       0       0       0       0       0       0       0       0       0
      Locals:         1       0       0       0       0       0       0       0       0       0       0       0       0       0       0       0
      Temps:          0       0       0       0       0       0       0       0       0       0       0       0       0       0       0       0
      Totals:         1       0       0       0       0       0       0       0       0       0       0       0       0       0       0       0
Total ram usage:        1 bytes
 Hardware stack levels used:    1
 This function calls:
		Nothing
 This function is called by:
		_SYSTEM_Initialize
 This function uses a non-reentrant model


 *************** function _OSCILLATOR_Initialize *****************
 Defined at:
		line 142 in file "init.c"
 Parameters:    Size  Location     Type
		None
 Auto vars:     Size  Location     Type
		None
 Return value:  Size  Location     Type
                  1    wreg      void 
 Registers used:
		wreg, status,2
 Tracked objects:
		On entry : 
		On exit  : 
		Unchanged: 
 Data sizes:     COMRAM   BANK0   BANK1   BANK2   BANK3   BANK4   BANK5   BANK6   BANK7   BANK8   BANK9  BANK10  BANK11  BANK12  BANK13  BANK14
      Params:         0       0       0       0       0       0       0       0       0       0       0       0       0       0       0       0
      Locals:         0       0       0       0       0       0       0       0       0       0       0       0       0       0       0       0
      Temps:          0       0       0       0       0       0       0       0       0       0       0       0       0       0       0       0
      Totals:         0       0       0       0       0       0       0       0       0       0       0       0       0       0       0       0
Total ram usage:        0 bytes
 Hardware stack levels used:    1
 This function calls:
		Nothing
 This function is called by:
		_SYSTEM_Initialize
 This function uses a non-reentrant model


 *************** function _EUSART1_Initialize *****************
 Defined at:
		line 5 in file "eusart1.c"
 Parameters:    Size  Location     Type
		None
 Auto vars:     Size  Location     Type
		None
 Return value:  Size  Location     Type
                  1    wreg      void 
 Registers used:
		wreg, status,2
 Tracked objects:
		On entry : 
		On exit  : 
		Unchanged: 
 Data sizes:     COMRAM   BANK0   BANK1   BANK2   BANK3   BANK4   BANK5   BANK6   BANK7   BANK8   BANK9  BANK10  BANK11  BANK12  BANK13  BANK14
      Params:         0       0       0       0       0       0       0       0       0       0       0       0       0       0       0       0
      Locals:         0       0       0       0       0       0       0       0       0       0       0       0       0       0       0       0
      Temps:          0       0       0       0       0       0       0       0       0       0       0       0       0       0       0       0
      Totals:         0       0       0       0       0       0       0       0       0       0       0       0       0       0       0       0
Total ram usage:        0 bytes
 Hardware stack levels used:    1
 This function calls:
		Nothing
 This function is called by:
		_SYSTEM_Initialize
 This function uses a non-reentrant model



MODULE INFORMATION

Module		Function		Class		Link	Load	Size
C:\Program Files (x86)\Microchip\xc8\v1.41\sources\common\lwdiv.c
		___lwdiv       		CODE           	1300	0000	83

C:\Program Files (x86)\Microchip\xc8\v1.41\sources\common\lwdiv.c estimated size: 83

pwm3.c
		_PWM3_Initialize		CODE           	13AA	0000	23

pwm3.c estimated size: 23

C:\Program Files (x86)\Microchip\xc8\v1.41\sources\common\doprnt.c
		_printf        		CODE           	1152	0000	275

C:\Program Files (x86)\Microchip\xc8\v1.41\sources\common\doprnt.c estimated size: 275

tmr2.c
		_TMR2_Initialize		CODE           	1352	0000	35
		_TMR2_Start    		CODE           	13FA	0000	5

tmr2.c estimated size: 40

eusart1.c
		_EUSART1_Initialize		CODE           	13C0	0000	23
		_putch         		CODE           	13F0	0000	11
		_EUSART1_Write 		CODE           	13D6	0000	15

eusart1.c estimated size: 49

shared
		__initialization		CODE           	13E4	0000	7
		_hexpowers     		SMALLCONST     	0F01	0000	9

shared estimated size: 16

init.c
		_PIN_MANAGER_Initialize		CODE           	1264	0000	157
		_OSCILLATOR_Initialize		CODE           	1374	0000	33
		_SYSTEM_Initialize		CODE           	1394	0000	23

init.c estimated size: 213

main.c
		_main          		CODE           	0F64	0000	495

main.c estimated size: 495

